// Jest Snapshot v1, https://goo.gl/fbAQLP

exports[`<Footer> component it renders correct and matched snapshot 1`] = `
<footer
  className="App-footer"
>
  <div
    className="foot-note"
  >
    <small>
      By sendyakbar Â©
      2019
    </small>
  </div>
</footer>
`;
