// Jest Snapshot v1, https://goo.gl/fbAQLP

exports[`<TextArea> component renders correctly and matched snapshot 1`] = `
<div>
  <textarea
    onChange={[Function]}
  />
</div>
`;
