// Jest Snapshot v1, https://goo.gl/fbAQLP

exports[`<TextInput> component renders correctly and matched snapshot 1`] = `
<div>
  <form
    onSubmit={[Function]}
  >
    <input
      onChange={[Function]}
      type="text"
    />
  </form>
</div>
`;
